{
  "context": {
    "kernel_version": "demo",
    "scenario": "normal",
    "host_root": "F:\\Pension Person Details\\UmerOS",
    "effective_uid": 0,
    "ramdisk_stats": {
      "raw_bytes": 0,
      "extracted_bytes": 26,
      "file_count": 2,
      "dir_count": 2,
      "symlink_count": 1,
      "uptime_seconds": 0.003514
    }
  },
  "machine": {
    "current_phase": "completed",
    "phases_completed": 8,
    "phases_failed": 0,
    "phases_skipped": 0
  },
  "history": [
    {
      "phase": "phase_1_load",
      "outcome": "succeeded",
      "started_at": 1791613999.236383,
      "finished_at": 1791613999.2364967,
      "duration": 0.00011372566223144531,
      "error": null,
      "notes": [
        "kernel + cpio handed to userspace"
      ]
    },
    {
      "phase": "phase_2_convert",
      "outcome": "succeeded",
      "started_at": 1791613999.2365134,
      "finished_at": 1791613999.2367759,
      "duration": 0.0002624988555908203,
      "error": null,
      "notes": [
        "extracted 2 files"
      ]
    },
    {
      "phase": "phase_3_mount_root",
      "outcome": "succeeded",
      "started_at": 1791613999.2367861,
      "finished_at": 1791613999.2370207,
      "duration": 0.0002346038818359375,
      "error": null,
      "notes": [
        "initrd mounted rw at /, /dev, /proc, /sys live"
      ]
    },
    {
      "phase": "phase_4_linuxrc",
      "outcome": "succeeded",
      "started_at": 1791613999.237039,
      "finished_at": 1791613999.2375324,
      "duration": 0.0004932880401611328,
      "error": null,
      "notes": [
        "resolved 2 modules"
      ]
    },
    {
      "phase": "phase_5_mount_real",
      "outcome": "succeeded",
      "started_at": 1791613999.2375424,
      "finished_at": 1791613999.2376328,
      "duration": 9.036064147949219e-05,
      "error": null,
      "notes": [
        "real root FS mounted at /newroot"
      ]
    },
    {
      "phase": "phase_6_pivot_root",
      "outcome": "succeeded",
      "started_at": 1791613999.2376406,
      "finished_at": 1791613999.2377348,
      "duration": 9.417533874511719e-05,
      "error": null,
      "notes": [
        "pivot took 0.0000s"
      ]
    },
    {
      "phase": "phase_7_exec_init",
      "outcome": "succeeded",
      "started_at": 1791613999.2377415,
      "finished_at": 1791613999.237749,
      "duration": 7.62939453125e-06,
      "error": null,
      "notes": [
        "transferred control to /sbin/init"
      ]
    },
    {
      "phase": "phase_8_teardown",
      "outcome": "succeeded",
      "started_at": 1791613999.2377546,
      "finished_at": 1791613999.2377694,
      "duration": 1.4781951904296875e-05,
      "error": null,
      "notes": [
        "initrd memory released"
      ]
    }
  ],
  "modules": [
    {
      "name": "ext4",
      "reason": "user_request",
      "parameters": {},
      "dependencies": [],
      "source": "user"
    },
    {
      "name": "ahci",
      "reason": "user_request",
      "parameters": {},
      "dependencies": [],
      "source": "user"
    }
  ],
  "mounts": [
    {
      "device": "devtmpfs",
      "fstype": "devtmpfs",
      "mount_point": "/dev",
      "options": "nosuid",
      "description": "simulated devtmpfs",
      "mounted_at": 1791613999.236928
    },
    {
      "device": "proc",
      "fstype": "proc",
      "mount_point": "/proc",
      "options": "nosuid,nodev,noexec",
      "description": "simulated procfs",
      "mounted_at": 1791613999.2369745
    },
    {
      "device": "sysfs",
      "fstype": "sysfs",
      "mount_point": "/sys",
      "options": "nosuid,nodev,noexec",
      "description": "simulated sysfs",
      "mounted_at": 1791613999.2370143
    },
    {
      "device": "/dev/sda2",
      "fstype": "ext4",
      "mount_point": "/newroot",
      "options": "rw",
      "description": "real root from /dev/sda2 (ext4, rw)",
      "mounted_at": 1791613999.237622
    }
  ],
  "signal_history": [],
  "reaped_pids": []
}